<?xml version="1.0" encoding="utf-8" ?>
<result>
	<row>
		<idSite>1</idSite>
		<idVisit>2</idVisit>
		<visitIp>156.5.3.2</visitIp>
		
		<fingerprint>e16cf2bbaeea2c88</fingerprint>
		<actionDetails>
			<row>
				<type>action</type>
				<url>http://example.com/sub_en/page?param=en_US</url>
				<pageTitle>Fourth page view</pageTitle>
				<pageIdAction>6</pageIdAction>
				
				
				<pageId>4</pageId>
				<bandwidth />
				<pageviewPosition>1</pageviewPosition>
				<title>Fourth page view</title>
				<subtitle>http://example.com/sub_en/page?param=en_US</subtitle>
				<icon />
				<iconSVG>plugins/Morpheus/images/action.svg</iconSVG>
				
				<bandwidth_pretty>0 M</bandwidth_pretty>
				<dimension3>en</dimension3>
				<dimension5>en_US</dimension5>
			</row>
			<row>
				<type>goal</type>
				<goalName>Has sub_en</goalName>
				<goalId>1</goalId>
				
				<revenue>0</revenue>
				<goalPageId>4</goalPageId>
				
				<url>http://example.com/sub_en/page?param=en_US</url>
				<icon>plugins/Morpheus/images/goal.png</icon>
				<iconSVG>plugins/Morpheus/images/goal.svg</iconSVG>
				<title>Goal conversion</title>
				<subtitle>Has sub_en</subtitle>
				
				<dimension3 />
				<dimension5 />
			</row>
		</actionDetails>
		<goalConversions>1</goalConversions>
		<siteCurrency>USD</siteCurrency>
		<siteCurrencySymbol>$</siteCurrencySymbol>
		
		
		
		
		<siteName>Piwik test</siteName>
		
		
		
		
		
		
		<userId />
		<visitorType>returning</visitorType>
		<visitorTypeIcon>plugins/Live/images/returningVisitor.png</visitorTypeIcon>
		<visitConverted>1</visitConverted>
		<visitConvertedIcon>plugins/Morpheus/images/goal.svg</visitConvertedIcon>
		<visitCount>1</visitCount>
		<visitEcommerceStatus>none</visitEcommerceStatus>
		<visitEcommerceStatusIcon />
		<daysSinceFirstVisit>0</daysSinceFirstVisit>
		<daysSinceLastEcommerceOrder>0</daysSinceLastEcommerceOrder>
		<visitDuration>1</visitDuration>
		<visitDurationPretty>1s</visitDurationPretty>
		<searches>0</searches>
		<actions>1</actions>
		<interactions>1</interactions>
		<referrerType>direct</referrerType>
		<referrerTypeName>Direct Entry</referrerTypeName>
		<referrerName />
		<referrerKeyword />
		<referrerKeywordPosition />
		<referrerUrl />
		<referrerSearchEngineUrl />
		<referrerSearchEngineIcon />
		<referrerSocialNetworkUrl />
		<referrerSocialNetworkIcon />
		<languageCode>fr</languageCode>
		<language>French</language>
		<deviceType>Desktop</deviceType>
		<deviceTypeIcon>plugins/Morpheus/icons/dist/devices/desktop.png</deviceTypeIcon>
		<deviceBrand>Unknown</deviceBrand>
		<deviceModel>Generic Desktop</deviceModel>
		<operatingSystem>Windows XP</operatingSystem>
		<operatingSystemName>Windows</operatingSystemName>
		<operatingSystemIcon>plugins/Morpheus/icons/dist/os/WIN.png</operatingSystemIcon>
		<operatingSystemCode>WIN</operatingSystemCode>
		<operatingSystemVersion>XP</operatingSystemVersion>
		<browserFamily>Gecko</browserFamily>
		<browserFamilyDescription>Gecko (Firefox)</browserFamilyDescription>
		<browser>Firefox 3.6</browser>
		<browserName>Firefox</browserName>
		<browserIcon>plugins/Morpheus/icons/dist/browsers/FF.png</browserIcon>
		<browserCode>FF</browserCode>
		<browserVersion>3.6</browserVersion>
		
		
		
		
		
		
		<events>0</events>
		<continent>Europe</continent>
		<continentCode>eur</continentCode>
		<country>France</country>
		<countryCode>fr</countryCode>
		<countryFlag>plugins/Morpheus/icons/dist/flags/fr.png</countryFlag>
		<region />
		<regionCode />
		<city />
		<location>France</location>
		<latitude />
		<longitude />
		<visitLocalTime>12:34:06</visitLocalTime>
		<visitLocalHour>12</visitLocalHour>
		<daysSinceLastVisit>0</daysSinceLastVisit>
		<customVariables>
		</customVariables>
		<resolution>1024x768</resolution>
		<plugins>cookie, flash, java</plugins>
		<pluginsIcons>
			<row>
				<pluginIcon>plugins/Morpheus/icons/dist/plugins/cookie.png</pluginIcon>
				<pluginName>cookie</pluginName>
			</row>
			<row>
				<pluginIcon>plugins/Morpheus/icons/dist/plugins/flash.png</pluginIcon>
				<pluginName>flash</pluginName>
			</row>
			<row>
				<pluginIcon>plugins/Morpheus/icons/dist/plugins/java.png</pluginIcon>
				<pluginName>java</pluginName>
			</row>
		</pluginsIcons>
		<dimension1 />
		<dimension2 />
		<dimension6 />
	</row>
	<row>
		<idSite>1</idSite>
		<idVisit>4</idVisit>
		<visitIp>156.5.3.2</visitIp>
		
		<fingerprint>e16cf2bbaeea2c88</fingerprint>
		<actionDetails>
			<row>
				<type>action</type>
				<url>http://example.com/sub_en/page?param=en_US</url>
				<pageTitle>Sixth page view</pageTitle>
				<pageIdAction>6</pageIdAction>
				
				
				<pageId>6</pageId>
				<bandwidth />
				<pageviewPosition>1</pageviewPosition>
				<title>Sixth page view</title>
				<subtitle>http://example.com/sub_en/page?param=en_US</subtitle>
				<icon />
				<iconSVG>plugins/Morpheus/images/action.svg</iconSVG>
				
				<bandwidth_pretty>0 M</bandwidth_pretty>
				<dimension3>en</dimension3>
				<dimension5>value5 5</dimension5>
			</row>
			<row>
				<type>goal</type>
				<goalName>Has sub_en</goalName>
				<goalId>1</goalId>
				
				<revenue>0</revenue>
				<goalPageId>6</goalPageId>
				
				<url>http://example.com/sub_en/page?param=en_US</url>
				<icon>plugins/Morpheus/images/goal.png</icon>
				<iconSVG>plugins/Morpheus/images/goal.svg</iconSVG>
				<title>Goal conversion</title>
				<subtitle>Has sub_en</subtitle>
				
				<dimension3 />
				<dimension5 />
			</row>
		</actionDetails>
		<goalConversions>1</goalConversions>
		<siteCurrency>USD</siteCurrency>
		<siteCurrencySymbol>$</siteCurrencySymbol>
		
		
		
		
		<siteName>Piwik test</siteName>
		
		
		
		
		
		
		<userId />
		<visitorType>returning</visitorType>
		<visitorTypeIcon>plugins/Live/images/returningVisitor.png</visitorTypeIcon>
		<visitConverted>1</visitConverted>
		<visitConvertedIcon>plugins/Morpheus/images/goal.svg</visitConvertedIcon>
		<visitCount>1</visitCount>
		<visitEcommerceStatus>none</visitEcommerceStatus>
		<visitEcommerceStatusIcon />
		<daysSinceFirstVisit>0</daysSinceFirstVisit>
		<daysSinceLastEcommerceOrder>0</daysSinceLastEcommerceOrder>
		<visitDuration>1</visitDuration>
		<visitDurationPretty>1s</visitDurationPretty>
		<searches>0</searches>
		<actions>1</actions>
		<interactions>1</interactions>
		<referrerType>direct</referrerType>
		<referrerTypeName>Direct Entry</referrerTypeName>
		<referrerName />
		<referrerKeyword />
		<referrerKeywordPosition />
		<referrerUrl />
		<referrerSearchEngineUrl />
		<referrerSearchEngineIcon />
		<referrerSocialNetworkUrl />
		<referrerSocialNetworkIcon />
		<languageCode>fr</languageCode>
		<language>French</language>
		<deviceType>Desktop</deviceType>
		<deviceTypeIcon>plugins/Morpheus/icons/dist/devices/desktop.png</deviceTypeIcon>
		<deviceBrand>Unknown</deviceBrand>
		<deviceModel>Generic Desktop</deviceModel>
		<operatingSystem>Windows XP</operatingSystem>
		<operatingSystemName>Windows</operatingSystemName>
		<operatingSystemIcon>plugins/Morpheus/icons/dist/os/WIN.png</operatingSystemIcon>
		<operatingSystemCode>WIN</operatingSystemCode>
		<operatingSystemVersion>XP</operatingSystemVersion>
		<browserFamily>Gecko</browserFamily>
		<browserFamilyDescription>Gecko (Firefox)</browserFamilyDescription>
		<browser>Firefox 3.6</browser>
		<browserName>Firefox</browserName>
		<browserIcon>plugins/Morpheus/icons/dist/browsers/FF.png</browserIcon>
		<browserCode>FF</browserCode>
		<browserVersion>3.6</browserVersion>
		
		
		
		
		
		
		<events>0</events>
		<continent>Europe</continent>
		<continentCode>eur</continentCode>
		<country>France</country>
		<countryCode>fr</countryCode>
		<countryFlag>plugins/Morpheus/icons/dist/flags/fr.png</countryFlag>
		<region />
		<regionCode />
		<city />
		<location>France</location>
		<latitude />
		<longitude />
		<visitLocalTime>12:34:06</visitLocalTime>
		<visitLocalHour>12</visitLocalHour>
		<daysSinceLastVisit>0</daysSinceLastVisit>
		<customVariables>
		</customVariables>
		<resolution>1024x768</resolution>
		<plugins>cookie, flash, java</plugins>
		<pluginsIcons>
			<row>
				<pluginIcon>plugins/Morpheus/icons/dist/plugins/cookie.png</pluginIcon>
				<pluginName>cookie</pluginName>
			</row>
			<row>
				<pluginIcon>plugins/Morpheus/icons/dist/plugins/flash.png</pluginIcon>
				<pluginName>flash</pluginName>
			</row>
			<row>
				<pluginIcon>plugins/Morpheus/icons/dist/plugins/java.png</pluginIcon>
				<pluginName>java</pluginName>
			</row>
		</pluginsIcons>
		<dimension1>value1</dimension1>
		<dimension2>value2</dimension2>
		<dimension6 />
	</row>
	<row>
		<idSite>1</idSite>
		<idVisit>3</idVisit>
		<visitIp>156.5.3.2</visitIp>
		
		<fingerprint>e16cf2bbaeea2c88</fingerprint>
		<actionDetails>
			<row>
				<type>action</type>
				<url>http://example.com/sub_en/page?param=en_US</url>
				<pageTitle>Fifth page view</pageTitle>
				<pageIdAction>6</pageIdAction>
				
				
				<pageId>5</pageId>
				<bandwidth />
				<pageviewPosition>1</pageviewPosition>
				<title>Fifth page view</title>
				<subtitle>http://example.com/sub_en/page?param=en_US</subtitle>
				<icon />
				<iconSVG>plugins/Morpheus/images/action.svg</iconSVG>
				
				<bandwidth_pretty>0 M</bandwidth_pretty>
				<dimension3>en</dimension3>
				<dimension5>en_US</dimension5>
			</row>
			<row>
				<type>goal</type>
				<goalName>Has sub_en</goalName>
				<goalId>1</goalId>
				
				<revenue>0</revenue>
				<goalPageId>5</goalPageId>
				
				<url>http://example.com/sub_en/page?param=en_US</url>
				<icon>plugins/Morpheus/images/goal.png</icon>
				<iconSVG>plugins/Morpheus/images/goal.svg</iconSVG>
				<title>Goal conversion</title>
				<subtitle>Has sub_en</subtitle>
				
				<dimension3 />
				<dimension5 />
			</row>
		</actionDetails>
		<goalConversions>1</goalConversions>
		<siteCurrency>USD</siteCurrency>
		<siteCurrencySymbol>$</siteCurrencySymbol>
		
		
		
		
		<siteName>Piwik test</siteName>
		
		
		
		
		
		
		<userId />
		<visitorType>returning</visitorType>
		<visitorTypeIcon>plugins/Live/images/returningVisitor.png</visitorTypeIcon>
		<visitConverted>1</visitConverted>
		<visitConvertedIcon>plugins/Morpheus/images/goal.svg</visitConvertedIcon>
		<visitCount>1</visitCount>
		<visitEcommerceStatus>none</visitEcommerceStatus>
		<visitEcommerceStatusIcon />
		<daysSinceFirstVisit>0</daysSinceFirstVisit>
		<daysSinceLastEcommerceOrder>0</daysSinceLastEcommerceOrder>
		<visitDuration>1</visitDuration>
		<visitDurationPretty>1s</visitDurationPretty>
		<searches>0</searches>
		<actions>1</actions>
		<interactions>1</interactions>
		<referrerType>direct</referrerType>
		<referrerTypeName>Direct Entry</referrerTypeName>
		<referrerName />
		<referrerKeyword />
		<referrerKeywordPosition />
		<referrerUrl />
		<referrerSearchEngineUrl />
		<referrerSearchEngineIcon />
		<referrerSocialNetworkUrl />
		<referrerSocialNetworkIcon />
		<languageCode>fr</languageCode>
		<language>French</language>
		<deviceType>Desktop</deviceType>
		<deviceTypeIcon>plugins/Morpheus/icons/dist/devices/desktop.png</deviceTypeIcon>
		<deviceBrand>Unknown</deviceBrand>
		<deviceModel>Generic Desktop</deviceModel>
		<operatingSystem>Windows XP</operatingSystem>
		<operatingSystemName>Windows</operatingSystemName>
		<operatingSystemIcon>plugins/Morpheus/icons/dist/os/WIN.png</operatingSystemIcon>
		<operatingSystemCode>WIN</operatingSystemCode>
		<operatingSystemVersion>XP</operatingSystemVersion>
		<browserFamily>Gecko</browserFamily>
		<browserFamilyDescription>Gecko (Firefox)</browserFamilyDescription>
		<browser>Firefox 3.6</browser>
		<browserName>Firefox</browserName>
		<browserIcon>plugins/Morpheus/icons/dist/browsers/FF.png</browserIcon>
		<browserCode>FF</browserCode>
		<browserVersion>3.6</browserVersion>
		
		
		
		
		
		
		<events>0</events>
		<continent>Europe</continent>
		<continentCode>eur</continentCode>
		<country>France</country>
		<countryCode>fr</countryCode>
		<countryFlag>plugins/Morpheus/icons/dist/flags/fr.png</countryFlag>
		<region />
		<regionCode />
		<city />
		<location>France</location>
		<latitude />
		<longitude />
		<visitLocalTime>12:34:06</visitLocalTime>
		<visitLocalHour>12</visitLocalHour>
		<daysSinceLastVisit>0</daysSinceLastVisit>
		<customVariables>
		</customVariables>
		<resolution>1024x768</resolution>
		<plugins>cookie, flash, java</plugins>
		<pluginsIcons>
			<row>
				<pluginIcon>plugins/Morpheus/icons/dist/plugins/cookie.png</pluginIcon>
				<pluginName>cookie</pluginName>
			</row>
			<row>
				<pluginIcon>plugins/Morpheus/icons/dist/plugins/flash.png</pluginIcon>
				<pluginName>flash</pluginName>
			</row>
			<row>
				<pluginIcon>plugins/Morpheus/icons/dist/plugins/java.png</pluginIcon>
				<pluginName>java</pluginName>
			</row>
		</pluginsIcons>
		<dimension1 />
		<dimension2 />
		<dimension6 />
	</row>
	<row>
		<idSite>1</idSite>
		<idVisit>1</idVisit>
		<visitIp>156.5.3.2</visitIp>
		
		<fingerprint>e16cf2bbaeea2c88</fingerprint>
		<actionDetails>
			<row>
				<type>action</type>
				<url>http://example.com/</url>
				<pageTitle>Viewing homepage</pageTitle>
				<pageIdAction>2</pageIdAction>
				
				
				<pageId>1</pageId>
				<bandwidth />
				<timeSpent>360</timeSpent>
				<timeSpentPretty>6 min 0s</timeSpentPretty>
				<pageviewPosition>1</pageviewPosition>
				<title>Viewing homepage</title>
				<subtitle>http://example.com/</subtitle>
				<icon />
				<iconSVG>plugins/Morpheus/images/action.svg</iconSVG>
				
				<bandwidth_pretty>0 M</bandwidth_pretty>
				<dimension3>value3</dimension3>
				<dimension5>value5</dimension5>
			</row>
			<row>
				<type>action</type>
				<url>http://example.com/sub_en/page?test=343&amp;param=23</url>
				<pageTitle>Second page view</pageTitle>
				<pageIdAction>4</pageIdAction>
				
				
				<pageId>2</pageId>
				<bandwidth />
				<timeSpent>360</timeSpent>
				<timeSpentPretty>6 min 0s</timeSpentPretty>
				<pageviewPosition>2</pageviewPosition>
				<title>Second page view</title>
				<subtitle>http://example.com/sub_en/page?test=343&amp;param=23</subtitle>
				<icon />
				<iconSVG>plugins/Morpheus/images/action.svg</iconSVG>
				
				<bandwidth_pretty>0 M</bandwidth_pretty>
				<dimension3>en</dimension3>
				<dimension5>343</dimension5>
			</row>
			<row>
				<type>goal</type>
				<goalName>Has sub_en</goalName>
				<goalId>1</goalId>
				
				<revenue>0</revenue>
				<goalPageId>2</goalPageId>
				
				<url>http://example.com/sub_en/page?test=343&amp;param=23</url>
				<icon>plugins/Morpheus/images/goal.png</icon>
				<iconSVG>plugins/Morpheus/images/goal.svg</iconSVG>
				<title>Goal conversion</title>
				<subtitle>Has sub_en</subtitle>
				
				<dimension3 />
				<dimension5 />
			</row>
			<row>
				<type>action</type>
				<url>http://example.com/sub_en/page?param=en_US</url>
				<pageTitle>Third page view</pageTitle>
				<pageIdAction>6</pageIdAction>
				
				
				<pageId>3</pageId>
				<bandwidth />
				<pageviewPosition>3</pageviewPosition>
				<title>Third page view</title>
				<subtitle>http://example.com/sub_en/page?param=en_US</subtitle>
				<icon />
				<iconSVG>plugins/Morpheus/images/action.svg</iconSVG>
				
				<bandwidth_pretty>0 M</bandwidth_pretty>
				<dimension3>value5 3</dimension3>
				<dimension5>en_US</dimension5>
			</row>
		</actionDetails>
		<goalConversions>1</goalConversions>
		<siteCurrency>USD</siteCurrency>
		<siteCurrencySymbol>$</siteCurrencySymbol>
		
		
		
		
		<siteName>Piwik test</siteName>
		
		
		
		
		
		
		<userId />
		<visitorType>new</visitorType>
		<visitorTypeIcon />
		<visitConverted>1</visitConverted>
		<visitConvertedIcon>plugins/Morpheus/images/goal.svg</visitConvertedIcon>
		<visitCount>1</visitCount>
		<visitEcommerceStatus>none</visitEcommerceStatus>
		<visitEcommerceStatusIcon />
		<daysSinceFirstVisit>0</daysSinceFirstVisit>
		<daysSinceLastEcommerceOrder>0</daysSinceLastEcommerceOrder>
		<visitDuration>722</visitDuration>
		<visitDurationPretty>12 min 2s</visitDurationPretty>
		<searches>0</searches>
		<actions>3</actions>
		<interactions>3</interactions>
		<referrerType>direct</referrerType>
		<referrerTypeName>Direct Entry</referrerTypeName>
		<referrerName />
		<referrerKeyword />
		<referrerKeywordPosition />
		<referrerUrl />
		<referrerSearchEngineUrl />
		<referrerSearchEngineIcon />
		<referrerSocialNetworkUrl />
		<referrerSocialNetworkIcon />
		<languageCode>fr</languageCode>
		<language>French</language>
		<deviceType>Desktop</deviceType>
		<deviceTypeIcon>plugins/Morpheus/icons/dist/devices/desktop.png</deviceTypeIcon>
		<deviceBrand>Unknown</deviceBrand>
		<deviceModel>Generic Desktop</deviceModel>
		<operatingSystem>Windows XP</operatingSystem>
		<operatingSystemName>Windows</operatingSystemName>
		<operatingSystemIcon>plugins/Morpheus/icons/dist/os/WIN.png</operatingSystemIcon>
		<operatingSystemCode>WIN</operatingSystemCode>
		<operatingSystemVersion>XP</operatingSystemVersion>
		<browserFamily>Gecko</browserFamily>
		<browserFamilyDescription>Gecko (Firefox)</browserFamilyDescription>
		<browser>Firefox 3.6</browser>
		<browserName>Firefox</browserName>
		<browserIcon>plugins/Morpheus/icons/dist/browsers/FF.png</browserIcon>
		<browserCode>FF</browserCode>
		<browserVersion>3.6</browserVersion>
		
		
		
		
		
		
		<events>0</events>
		<continent>Europe</continent>
		<continentCode>eur</continentCode>
		<country>France</country>
		<countryCode>fr</countryCode>
		<countryFlag>plugins/Morpheus/icons/dist/flags/fr.png</countryFlag>
		<region />
		<regionCode />
		<city />
		<location>France</location>
		<latitude />
		<longitude />
		<visitLocalTime>12:34:06</visitLocalTime>
		<visitLocalHour>12</visitLocalHour>
		<daysSinceLastVisit>0</daysSinceLastVisit>
		<customVariables>
		</customVariables>
		<resolution>1024x768</resolution>
		<plugins>cookie, flash, java</plugins>
		<pluginsIcons>
			<row>
				<pluginIcon>plugins/Morpheus/icons/dist/plugins/cookie.png</pluginIcon>
				<pluginName>cookie</pluginName>
			</row>
			<row>
				<pluginIcon>plugins/Morpheus/icons/dist/plugins/flash.png</pluginIcon>
				<pluginName>flash</pluginName>
			</row>
			<row>
				<pluginIcon>plugins/Morpheus/icons/dist/plugins/java.png</pluginIcon>
				<pluginName>java</pluginName>
			</row>
		</pluginsIcons>
		<dimension1>value5 1</dimension1>
		<dimension2>en_US</dimension2>
		<dimension6>value6</dimension6>
	</row>
	<row>
		<idSite>1</idSite>
		<idVisit>6</idVisit>
		<visitIp>56.11.55.79</visitIp>
		
		<fingerprint>10496c891e200d0e</fingerprint>
		<actionDetails>
			<row>
				<type>action</type>
				<url>http://example.com/sub_en/page</url>
				<pageTitle>Viewing homepage</pageTitle>
				<pageIdAction>10</pageIdAction>
				
				
				<pageId>9</pageId>
				<bandwidth />
				<pageviewPosition>1</pageviewPosition>
				<title>Viewing homepage</title>
				<subtitle>http://example.com/sub_en/page</subtitle>
				<icon />
				<iconSVG>plugins/Morpheus/images/action.svg</iconSVG>
				
				<bandwidth_pretty>0 M</bandwidth_pretty>
				<dimension3 />
				<dimension5 />
			</row>
			<row>
				<type>goal</type>
				<goalName>Has sub_en</goalName>
				<goalId>1</goalId>
				
				<revenue>0</revenue>
				<goalPageId>9</goalPageId>
				
				<url>http://example.com/sub_en/page</url>
				<icon>plugins/Morpheus/images/goal.png</icon>
				<iconSVG>plugins/Morpheus/images/goal.svg</iconSVG>
				<title>Goal conversion</title>
				<subtitle>Has sub_en</subtitle>
				
				<dimension3 />
				<dimension5 />
			</row>
		</actionDetails>
		<goalConversions>1</goalConversions>
		<siteCurrency>USD</siteCurrency>
		<siteCurrencySymbol>$</siteCurrencySymbol>
		
		
		
		
		<siteName>Piwik test</siteName>
		
		
		
		
		
		
		<userId />
		<visitorType>new</visitorType>
		<visitorTypeIcon />
		<visitConverted>1</visitConverted>
		<visitConvertedIcon>plugins/Morpheus/images/goal.svg</visitConvertedIcon>
		<visitCount>1</visitCount>
		<visitEcommerceStatus>none</visitEcommerceStatus>
		<visitEcommerceStatusIcon />
		<daysSinceFirstVisit>0</daysSinceFirstVisit>
		<daysSinceLastEcommerceOrder>0</daysSinceLastEcommerceOrder>
		<visitDuration>0</visitDuration>
		<visitDurationPretty>0s</visitDurationPretty>
		<searches>0</searches>
		<actions>1</actions>
		<interactions>1</interactions>
		<referrerType>direct</referrerType>
		<referrerTypeName>Direct Entry</referrerTypeName>
		<referrerName />
		<referrerKeyword />
		<referrerKeywordPosition />
		<referrerUrl />
		<referrerSearchEngineUrl />
		<referrerSearchEngineIcon />
		<referrerSocialNetworkUrl />
		<referrerSocialNetworkIcon />
		<languageCode>fr</languageCode>
		<language>French</language>
		<deviceType>Desktop</deviceType>
		<deviceTypeIcon>plugins/Morpheus/icons/dist/devices/desktop.png</deviceTypeIcon>
		<deviceBrand>Unknown</deviceBrand>
		<deviceModel>Generic Desktop</deviceModel>
		<operatingSystem>Windows XP</operatingSystem>
		<operatingSystemName>Windows</operatingSystemName>
		<operatingSystemIcon>plugins/Morpheus/icons/dist/os/WIN.png</operatingSystemIcon>
		<operatingSystemCode>WIN</operatingSystemCode>
		<operatingSystemVersion>XP</operatingSystemVersion>
		<browserFamily>Gecko</browserFamily>
		<browserFamilyDescription>Gecko (Firefox)</browserFamilyDescription>
		<browser>Firefox 3.6</browser>
		<browserName>Firefox</browserName>
		<browserIcon>plugins/Morpheus/icons/dist/browsers/FF.png</browserIcon>
		<browserCode>FF</browserCode>
		<browserVersion>3.6</browserVersion>
		
		
		
		
		
		
		<events>0</events>
		<continent>Europe</continent>
		<continentCode>eur</continentCode>
		<country>France</country>
		<countryCode>fr</countryCode>
		<countryFlag>plugins/Morpheus/icons/dist/flags/fr.png</countryFlag>
		<region />
		<regionCode />
		<city />
		<location>France</location>
		<latitude />
		<longitude />
		<visitLocalTime>12:34:06</visitLocalTime>
		<visitLocalHour>12</visitLocalHour>
		<daysSinceLastVisit>0</daysSinceLastVisit>
		<customVariables>
		</customVariables>
		<resolution>1024x768</resolution>
		<plugins>cookie, flash, java</plugins>
		<pluginsIcons>
			<row>
				<pluginIcon>plugins/Morpheus/icons/dist/plugins/cookie.png</pluginIcon>
				<pluginName>cookie</pluginName>
			</row>
			<row>
				<pluginIcon>plugins/Morpheus/icons/dist/plugins/flash.png</pluginIcon>
				<pluginName>flash</pluginName>
			</row>
			<row>
				<pluginIcon>plugins/Morpheus/icons/dist/plugins/java.png</pluginIcon>
				<pluginName>java</pluginName>
			</row>
		</pluginsIcons>
		<dimension1 />
		<dimension2 />
		<dimension6 />
	</row>
</result>