<?xml version="1.0" encoding="utf-8" ?>
<result>
	<row>
		<label>en - example.com/sub_en/page?test=343&amp;param=23</label>
		<nb_visits>1</nb_visits>
		<nb_uniq_visitors>1</nb_uniq_visitors>
		<nb_hits>1</nb_hits>
		<sum_time_network>0</sum_time_network>
		<nb_hits_with_time_network>0</nb_hits_with_time_network>
		<min_time_network>0</min_time_network>
		<max_time_network>0</max_time_network>
		<sum_time_server>0</sum_time_server>
		<nb_hits_with_time_server>0</nb_hits_with_time_server>
		<min_time_server>0</min_time_server>
		<max_time_server>0</max_time_server>
		<sum_time_transfer>0</sum_time_transfer>
		<nb_hits_with_time_transfer>0</nb_hits_with_time_transfer>
		<min_time_transfer>0</min_time_transfer>
		<max_time_transfer>0</max_time_transfer>
		<sum_time_dom_processing>0</sum_time_dom_processing>
		<nb_hits_with_time_dom_processing>0</nb_hits_with_time_dom_processing>
		<min_time_dom_processing>0</min_time_dom_processing>
		<max_time_dom_processing>0</max_time_dom_processing>
		<sum_time_dom_completion>0</sum_time_dom_completion>
		<nb_hits_with_time_dom_completion>0</nb_hits_with_time_dom_completion>
		<min_time_dom_completion>0</min_time_dom_completion>
		<max_time_dom_completion>0</max_time_dom_completion>
		<sum_time_on_load>0</sum_time_on_load>
		<nb_hits_with_time_on_load>0</nb_hits_with_time_on_load>
		<min_time_on_load>0</min_time_on_load>
		<max_time_on_load>0</max_time_on_load>
		
		
		
		
		<sum_time_spent>360</sum_time_spent>
		<bounce_count>0</bounce_count>
		<exit_nb_visits>0</exit_nb_visits>
		
		<avg_time_on_dimension>360</avg_time_on_dimension>
		<bounce_rate>0%</bounce_rate>
		<exit_rate>0%</exit_rate>
		<segment>dimension3==en;actionUrl=$example.com%2Fsub_en%2Fpage%3Ftest%3D343%26param%3D23</segment>
		<url>example.com%2Fsub_en%2Fpage%3Ftest%3D343%26param%3D23</url>
		<CustomDimension_CustomDimension3>en - example.com/sub_en/page?test=343&amp;param=23</CustomDimension_CustomDimension3>
	</row>
	<row>
		<label>value3 - example.com/</label>
		<nb_visits>1</nb_visits>
		<nb_uniq_visitors>1</nb_uniq_visitors>
		<nb_hits>1</nb_hits>
		<sum_time_network>0</sum_time_network>
		<nb_hits_with_time_network>0</nb_hits_with_time_network>
		<min_time_network>0</min_time_network>
		<max_time_network>0</max_time_network>
		<sum_time_server>0</sum_time_server>
		<nb_hits_with_time_server>0</nb_hits_with_time_server>
		<min_time_server>0</min_time_server>
		<max_time_server>0</max_time_server>
		<sum_time_transfer>0</sum_time_transfer>
		<nb_hits_with_time_transfer>0</nb_hits_with_time_transfer>
		<min_time_transfer>0</min_time_transfer>
		<max_time_transfer>0</max_time_transfer>
		<sum_time_dom_processing>0</sum_time_dom_processing>
		<nb_hits_with_time_dom_processing>0</nb_hits_with_time_dom_processing>
		<min_time_dom_processing>0</min_time_dom_processing>
		<max_time_dom_processing>0</max_time_dom_processing>
		<sum_time_dom_completion>0</sum_time_dom_completion>
		<nb_hits_with_time_dom_completion>0</nb_hits_with_time_dom_completion>
		<min_time_dom_completion>0</min_time_dom_completion>
		<max_time_dom_completion>0</max_time_dom_completion>
		<sum_time_on_load>0</sum_time_on_load>
		<nb_hits_with_time_on_load>0</nb_hits_with_time_on_load>
		<min_time_on_load>0</min_time_on_load>
		<max_time_on_load>0</max_time_on_load>
		
		
		
		
		<sum_time_spent>360</sum_time_spent>
		<bounce_count>0</bounce_count>
		<exit_nb_visits>0</exit_nb_visits>
		
		<avg_time_on_dimension>360</avg_time_on_dimension>
		<bounce_rate>0%</bounce_rate>
		<exit_rate>0%</exit_rate>
		<segment>dimension3==value3;actionUrl=$example.com%2F</segment>
		<url>example.com%2F</url>
		<CustomDimension_CustomDimension3>value3 - example.com/</CustomDimension_CustomDimension3>
	</row>
	<row>
		<label>value5 3 - example.com/sub_en/page?param=en_US</label>
		<nb_visits>1</nb_visits>
		<nb_uniq_visitors>1</nb_uniq_visitors>
		<nb_hits>1</nb_hits>
		<sum_time_network>0</sum_time_network>
		<nb_hits_with_time_network>0</nb_hits_with_time_network>
		<min_time_network>0</min_time_network>
		<max_time_network>0</max_time_network>
		<sum_time_server>0</sum_time_server>
		<nb_hits_with_time_server>0</nb_hits_with_time_server>
		<min_time_server>0</min_time_server>
		<max_time_server>0</max_time_server>
		<sum_time_transfer>0</sum_time_transfer>
		<nb_hits_with_time_transfer>0</nb_hits_with_time_transfer>
		<min_time_transfer>0</min_time_transfer>
		<max_time_transfer>0</max_time_transfer>
		<sum_time_dom_processing>0</sum_time_dom_processing>
		<nb_hits_with_time_dom_processing>0</nb_hits_with_time_dom_processing>
		<min_time_dom_processing>0</min_time_dom_processing>
		<max_time_dom_processing>0</max_time_dom_processing>
		<sum_time_dom_completion>0</sum_time_dom_completion>
		<nb_hits_with_time_dom_completion>0</nb_hits_with_time_dom_completion>
		<min_time_dom_completion>0</min_time_dom_completion>
		<max_time_dom_completion>0</max_time_dom_completion>
		<sum_time_on_load>0</sum_time_on_load>
		<nb_hits_with_time_on_load>0</nb_hits_with_time_on_load>
		<min_time_on_load>0</min_time_on_load>
		<max_time_on_load>0</max_time_on_load>
		
		
		
		
		<sum_time_spent>0</sum_time_spent>
		<bounce_count>0</bounce_count>
		<exit_nb_visits>1</exit_nb_visits>
		
		<avg_time_on_dimension>0</avg_time_on_dimension>
		<bounce_rate>0%</bounce_rate>
		<exit_rate>100%</exit_rate>
		<segment>dimension3==value5+3;actionUrl=$example.com%2Fsub_en%2Fpage%3Fparam%3Den_US</segment>
		<url>example.com%2Fsub_en%2Fpage%3Fparam%3Den_US</url>
		<CustomDimension_CustomDimension3>value5 3 - example.com/sub_en/page?param=en_US</CustomDimension_CustomDimension3>
	</row>
	<row>
		<label>Value not defined - example.com/sub_en/page</label>
		<nb_visits>1</nb_visits>
		<nb_uniq_visitors>1</nb_uniq_visitors>
		<nb_hits>1</nb_hits>
		<sum_time_network>0</sum_time_network>
		<nb_hits_with_time_network>0</nb_hits_with_time_network>
		<min_time_network>0</min_time_network>
		<max_time_network>0</max_time_network>
		<sum_time_server>0</sum_time_server>
		<nb_hits_with_time_server>0</nb_hits_with_time_server>
		<min_time_server>0</min_time_server>
		<max_time_server>0</max_time_server>
		<sum_time_transfer>0</sum_time_transfer>
		<nb_hits_with_time_transfer>0</nb_hits_with_time_transfer>
		<min_time_transfer>0</min_time_transfer>
		<max_time_transfer>0</max_time_transfer>
		<sum_time_dom_processing>0</sum_time_dom_processing>
		<nb_hits_with_time_dom_processing>0</nb_hits_with_time_dom_processing>
		<min_time_dom_processing>0</min_time_dom_processing>
		<max_time_dom_processing>0</max_time_dom_processing>
		<sum_time_dom_completion>0</sum_time_dom_completion>
		<nb_hits_with_time_dom_completion>0</nb_hits_with_time_dom_completion>
		<min_time_dom_completion>0</min_time_dom_completion>
		<max_time_dom_completion>0</max_time_dom_completion>
		<sum_time_on_load>0</sum_time_on_load>
		<nb_hits_with_time_on_load>0</nb_hits_with_time_on_load>
		<min_time_on_load>0</min_time_on_load>
		<max_time_on_load>0</max_time_on_load>
		
		
		
		
		<sum_time_spent>0</sum_time_spent>
		<bounce_count>1</bounce_count>
		<exit_nb_visits>1</exit_nb_visits>
		
		<avg_time_on_dimension>0</avg_time_on_dimension>
		<bounce_rate>100%</bounce_rate>
		<exit_rate>100%</exit_rate>
		<segment>dimension3==</segment>
		<CustomDimension_CustomDimension3>Value not defined - example.com/sub_en/page</CustomDimension_CustomDimension3>
	</row>
</result>