<?xml version="1.0" encoding="utf-8" ?>
<result>
	<row>en</row>
	<row/>
	<row>value3</row>
	<row>value5 3</row>
</result>