<?xml version="1.0" encoding="utf-8" ?>
<result>
	<row>
		<label>en</label>
		<nb_visits>1</nb_visits>
		<nb_uniq_visitors>1</nb_uniq_visitors>
		<nb_hits>1</nb_hits>
		<nb_hits_with_time_generation>1</nb_hits_with_time_generation>
		<min_time_generation>0.123</min_time_generation>
		<max_time_generation>0.123</max_time_generation>
		<sum_time_spent>360</sum_time_spent>
		<bounce_count>0</bounce_count>
		<exit_nb_visits>0</exit_nb_visits>
		<avg_time_on_dimension>360</avg_time_on_dimension>
		<bounce_rate>0%</bounce_rate>
		<exit_rate>0%</exit_rate>
		<avg_time_generation>0.123</avg_time_generation>
		<segment>dimension3==en</segment>
		<subtable>
			<row>
				<label>example.com/sub_en/page?test=343&amp;param=23</label>
				<nb_visits>1</nb_visits>
				<nb_uniq_visitors>1</nb_uniq_visitors>
				<nb_hits>1</nb_hits>
				<nb_hits_with_time_generation>1</nb_hits_with_time_generation>
				<min_time_generation>0.123</min_time_generation>
				<max_time_generation>0.123</max_time_generation>
				<sum_time_spent>360</sum_time_spent>
				<bounce_count>0</bounce_count>
				<exit_nb_visits>0</exit_nb_visits>
				<avg_time_on_dimension>360</avg_time_on_dimension>
				<bounce_rate>0%</bounce_rate>
				<exit_rate>0%</exit_rate>
				<avg_time_generation>0.123</avg_time_generation>
				<segment>dimension3==en;actionUrl=$example.com%2Fsub_en%2Fpage%3Ftest%3D343%26param%3D23</segment>
				<url>example.com%2Fsub_en%2Fpage%3Ftest%3D343%26param%3D23</url>
			</row>
		</subtable>
	</row>
	<row>
		<label>value3</label>
		<nb_visits>1</nb_visits>
		<nb_uniq_visitors>1</nb_uniq_visitors>
		<nb_hits>1</nb_hits>
		<nb_hits_with_time_generation>1</nb_hits_with_time_generation>
		<min_time_generation>0.42</min_time_generation>
		<max_time_generation>0.42</max_time_generation>
		<sum_time_spent>360</sum_time_spent>
		<bounce_count>0</bounce_count>
		<exit_nb_visits>0</exit_nb_visits>
		<avg_time_on_dimension>360</avg_time_on_dimension>
		<bounce_rate>0%</bounce_rate>
		<exit_rate>0%</exit_rate>
		<avg_time_generation>0.42</avg_time_generation>
		<segment>dimension3==value3</segment>
		<subtable>
			<row>
				<label>example.com/</label>
				<nb_visits>1</nb_visits>
				<nb_uniq_visitors>1</nb_uniq_visitors>
				<nb_hits>1</nb_hits>
				<nb_hits_with_time_generation>1</nb_hits_with_time_generation>
				<min_time_generation>0.42</min_time_generation>
				<max_time_generation>0.42</max_time_generation>
				<sum_time_spent>360</sum_time_spent>
				<bounce_count>0</bounce_count>
				<exit_nb_visits>0</exit_nb_visits>
				<avg_time_on_dimension>360</avg_time_on_dimension>
				<bounce_rate>0%</bounce_rate>
				<exit_rate>0%</exit_rate>
				<avg_time_generation>0.42</avg_time_generation>
				<segment>dimension3==value3;actionUrl=$example.com%2F</segment>
				<url>example.com%2F</url>
			</row>
		</subtable>
	</row>
	<row>
		<label>value5 3</label>
		<nb_visits>1</nb_visits>
		<nb_uniq_visitors>1</nb_uniq_visitors>
		<nb_hits>1</nb_hits>
		<nb_hits_with_time_generation>1</nb_hits_with_time_generation>
		<min_time_generation>0.344</min_time_generation>
		<max_time_generation>0.344</max_time_generation>
		<sum_time_spent>0</sum_time_spent>
		<bounce_count>0</bounce_count>
		<exit_nb_visits>1</exit_nb_visits>
		<avg_time_on_dimension>0</avg_time_on_dimension>
		<bounce_rate>0%</bounce_rate>
		<exit_rate>100%</exit_rate>
		<avg_time_generation>0.344</avg_time_generation>
		<segment>dimension3==value5+3</segment>
		<subtable>
			<row>
				<label>example.com/sub_en/page?param=en_US</label>
				<nb_visits>1</nb_visits>
				<nb_uniq_visitors>1</nb_uniq_visitors>
				<nb_hits>1</nb_hits>
				<nb_hits_with_time_generation>1</nb_hits_with_time_generation>
				<min_time_generation>0.344</min_time_generation>
				<max_time_generation>0.344</max_time_generation>
				<sum_time_spent>0</sum_time_spent>
				<bounce_count>0</bounce_count>
				<exit_nb_visits>1</exit_nb_visits>
				<avg_time_on_dimension>0</avg_time_on_dimension>
				<bounce_rate>0%</bounce_rate>
				<exit_rate>100%</exit_rate>
				<avg_time_generation>0.344</avg_time_generation>
				<segment>dimension3==value5+3;actionUrl=$example.com%2Fsub_en%2Fpage%3Fparam%3Den_US</segment>
				<url>example.com%2Fsub_en%2Fpage%3Fparam%3Den_US</url>
			</row>
		</subtable>
	</row>
	<row>
		<label>Value not defined</label>
		<nb_visits>1</nb_visits>
		<nb_uniq_visitors>1</nb_uniq_visitors>
		<nb_hits>1</nb_hits>
		<nb_hits_with_time_generation>0</nb_hits_with_time_generation>
		<min_time_generation>0</min_time_generation>
		<max_time_generation>0</max_time_generation>
		<sum_time_spent>0</sum_time_spent>
		<bounce_count>1</bounce_count>
		<exit_nb_visits>1</exit_nb_visits>
		<avg_time_on_dimension>0</avg_time_on_dimension>
		<bounce_rate>100%</bounce_rate>
		<exit_rate>100%</exit_rate>
		<avg_time_generation>0</avg_time_generation>
		<segment>dimension3==</segment>
		<subtable>
			<row>
				<label>example.com/sub_en/page</label>
				<nb_visits>1</nb_visits>
				<nb_uniq_visitors>1</nb_uniq_visitors>
				<nb_hits>1</nb_hits>
				<sum_time_spent>0</sum_time_spent>
				<bounce_count>1</bounce_count>
				<exit_nb_visits>1</exit_nb_visits>
				<avg_time_on_dimension>0</avg_time_on_dimension>
				<bounce_rate>100%</bounce_rate>
				<exit_rate>100%</exit_rate>
			</row>
		</subtable>
	</row>
</result>